// Jest Snapshot v1, https://goo.gl/fbAQLP

exports[`renders correctly 1`] = `
<h1
  aria-label=""
  className="heading-component element-type-h1 size-large single-line-ellipsis"
  id=""
>
  About me page
</h1>
`;
